C:/Users/tedro/.st_workbench/projects/6STEP-P-NUCLEO-IHM03_SensorlessVoltageMode/MCSDK_v6.2.0-Full/MotorControl/MCSDK/MCLib/G4xx/Src/g4xx_bemf_ADC_fdbk.c:60:13:BADC_Init	32	static
C:/Users/tedro/.st_workbench/projects/6STEP-P-NUCLEO-IHM03_SensorlessVoltageMode/MCSDK_v6.2.0-Full/MotorControl/MCSDK/MCLib/G4xx/Src/g4xx_bemf_ADC_fdbk.c:213:13:BADC_Clear	0	static
C:/Users/tedro/.st_workbench/projects/6STEP-P-NUCLEO-IHM03_SensorlessVoltageMode/MCSDK_v6.2.0-Full/MotorControl/MCSDK/MCLib/G4xx/Src/g4xx_bemf_ADC_fdbk.c:238:13:BADC_Start	12	static
C:/Users/tedro/.st_workbench/projects/6STEP-P-NUCLEO-IHM03_SensorlessVoltageMode/MCSDK_v6.2.0-Full/MotorControl/MCSDK/MCLib/G4xx/Src/g4xx_bemf_ADC_fdbk.c:286:13:BADC_Stop	8	static
C:/Users/tedro/.st_workbench/projects/6STEP-P-NUCLEO-IHM03_SensorlessVoltageMode/MCSDK_v6.2.0-Full/MotorControl/MCSDK/MCLib/G4xx/Src/g4xx_bemf_ADC_fdbk.c:318:13:BADC_SpeedMeasureOn	0	static
C:/Users/tedro/.st_workbench/projects/6STEP-P-NUCLEO-IHM03_SensorlessVoltageMode/MCSDK_v6.2.0-Full/MotorControl/MCSDK/MCLib/G4xx/Src/g4xx_bemf_ADC_fdbk.c:328:13:BADC_SpeedMeasureOff	0	static
C:/Users/tedro/.st_workbench/projects/6STEP-P-NUCLEO-IHM03_SensorlessVoltageMode/MCSDK_v6.2.0-Full/MotorControl/MCSDK/MCLib/G4xx/Src/g4xx_bemf_ADC_fdbk.c:341:13:BADC_SetSamplingPoint	0	static
C:/Users/tedro/.st_workbench/projects/6STEP-P-NUCLEO-IHM03_SensorlessVoltageMode/MCSDK_v6.2.0-Full/MotorControl/MCSDK/MCLib/G4xx/Src/g4xx_bemf_ADC_fdbk.c:375:13:BADC_IsZcDetected	12	static
C:/Users/tedro/.st_workbench/projects/6STEP-P-NUCLEO-IHM03_SensorlessVoltageMode/MCSDK_v6.2.0-Full/MotorControl/MCSDK/MCLib/G4xx/Src/g4xx_bemf_ADC_fdbk.c:576:13:BADC_CalcAvrgMecSpeedUnit	24	static
C:/Users/tedro/.st_workbench/projects/6STEP-P-NUCLEO-IHM03_SensorlessVoltageMode/MCSDK_v6.2.0-Full/MotorControl/MCSDK/MCLib/G4xx/Src/g4xx_bemf_ADC_fdbk.c:617:13:BADC_IsSpeedReliable	0	static
C:/Users/tedro/.st_workbench/projects/6STEP-P-NUCLEO-IHM03_SensorlessVoltageMode/MCSDK_v6.2.0-Full/MotorControl/MCSDK/MCLib/G4xx/Src/g4xx_bemf_ADC_fdbk.c:639:13:BADC_SetDirection	0	static
C:/Users/tedro/.st_workbench/projects/6STEP-P-NUCLEO-IHM03_SensorlessVoltageMode/MCSDK_v6.2.0-Full/MotorControl/MCSDK/MCLib/G4xx/Src/g4xx_bemf_ADC_fdbk.c:661:13:BADC_IsObserverConverged	0	static
C:/Users/tedro/.st_workbench/projects/6STEP-P-NUCLEO-IHM03_SensorlessVoltageMode/MCSDK_v6.2.0-Full/MotorControl/MCSDK/MCLib/G4xx/Src/g4xx_bemf_ADC_fdbk.c:673:6:BADC_SelectAdcChannel	0	static
C:/Users/tedro/.st_workbench/projects/6STEP-P-NUCLEO-IHM03_SensorlessVoltageMode/MCSDK_v6.2.0-Full/MotorControl/MCSDK/MCLib/G4xx/Src/g4xx_bemf_ADC_fdbk.c:683:16:BADC_CalcElAngle	0	static
C:/Users/tedro/.st_workbench/projects/6STEP-P-NUCLEO-IHM03_SensorlessVoltageMode/MCSDK_v6.2.0-Full/MotorControl/MCSDK/MCLib/G4xx/Src/g4xx_bemf_ADC_fdbk.c:716:6:BADC_CalcAvrgElSpeedDpp	20	static
C:/Users/tedro/.st_workbench/projects/6STEP-P-NUCLEO-IHM03_SensorlessVoltageMode/MCSDK_v6.2.0-Full/MotorControl/MCSDK/MCLib/G4xx/Src/g4xx_bemf_ADC_fdbk.c:794:6:BADC_StepChangeEvent	12	static
C:/Users/tedro/.st_workbench/projects/6STEP-P-NUCLEO-IHM03_SensorlessVoltageMode/MCSDK_v6.2.0-Full/MotorControl/MCSDK/MCLib/G4xx/Src/g4xx_bemf_ADC_fdbk.c:839:6:BADC_CalcRevUpDemagTime	0	static
C:/Users/tedro/.st_workbench/projects/6STEP-P-NUCLEO-IHM03_SensorlessVoltageMode/MCSDK_v6.2.0-Full/MotorControl/MCSDK/MCLib/G4xx/Src/g4xx_bemf_ADC_fdbk.c:864:6:BADC_CalcRunDemagTime	0	static
C:/Users/tedro/.st_workbench/projects/6STEP-P-NUCLEO-IHM03_SensorlessVoltageMode/MCSDK_v6.2.0-Full/MotorControl/MCSDK/MCLib/G4xx/Src/g4xx_bemf_ADC_fdbk.c:888:6:BADC_SetLoopClosed	0	static
C:/Users/tedro/.st_workbench/projects/6STEP-P-NUCLEO-IHM03_SensorlessVoltageMode/MCSDK_v6.2.0-Full/MotorControl/MCSDK/MCLib/G4xx/Src/g4xx_bemf_ADC_fdbk.c:899:10:BADC_GetLastBemfValue	0	static
C:/Users/tedro/.st_workbench/projects/6STEP-P-NUCLEO-IHM03_SensorlessVoltageMode/MCSDK_v6.2.0-Full/MotorControl/MCSDK/MCLib/G4xx/Src/g4xx_bemf_ADC_fdbk.c:909:6:BADC_GetBemfZcrFlag	0	static
C:/Users/tedro/.st_workbench/projects/6STEP-P-NUCLEO-IHM03_SensorlessVoltageMode/MCSDK_v6.2.0-Full/MotorControl/MCSDK/MCLib/G4xx/Src/g4xx_bemf_ADC_fdbk.c:919:6:BADC_ClearStepUpdate	0	static
C:/Users/tedro/.st_workbench/projects/6STEP-P-NUCLEO-IHM03_SensorlessVoltageMode/MCSDK_v6.2.0-Full/MotorControl/MCSDK/MCLib/G4xx/Src/g4xx_bemf_ADC_fdbk.c:933:6:BADC_SetBemfSensorlessParam	0	static
C:/Users/tedro/.st_workbench/projects/6STEP-P-NUCLEO-IHM03_SensorlessVoltageMode/MCSDK_v6.2.0-Full/MotorControl/MCSDK/MCLib/G4xx/Src/g4xx_bemf_ADC_fdbk.c:951:6:BADC_SetBemfOnTimeSensorlessParam	4	static
C:/Users/tedro/.st_workbench/projects/6STEP-P-NUCLEO-IHM03_SensorlessVoltageMode/MCSDK_v6.2.0-Full/MotorControl/MCSDK/MCLib/G4xx/Src/g4xx_bemf_ADC_fdbk.c:968:6:BADC_GetBemfSensorlessParam	0	static
C:/Users/tedro/.st_workbench/projects/6STEP-P-NUCLEO-IHM03_SensorlessVoltageMode/MCSDK_v6.2.0-Full/MotorControl/MCSDK/MCLib/G4xx/Src/g4xx_bemf_ADC_fdbk.c:986:6:BADC_GetBemfOnTimeSensorlessParam	4	static
