C:/Users/tedro/.st_workbench/projects/6STEP-P-NUCLEO-IHM03_SensorlessVoltageMode/MCSDK_v6.2.0-Full/MotorControl/MCSDK/MCLib/Any/Src/pwm_common_sixstep.c:51:6:PWMC_Clear	0	static
C:/Users/tedro/.st_workbench/projects/6STEP-P-NUCLEO-IHM03_SensorlessVoltageMode/MCSDK_v6.2.0-Full/MotorControl/MCSDK/MCLib/Any/Src/pwm_common_sixstep.c:59:13:PWMC_SwitchOffPWM	0	static
C:/Users/tedro/.st_workbench/projects/6STEP-P-NUCLEO-IHM03_SensorlessVoltageMode/MCSDK_v6.2.0-Full/MotorControl/MCSDK/MCLib/Any/Src/pwm_common_sixstep.c:68:13:PWMC_SwitchOnPWM	0	static
C:/Users/tedro/.st_workbench/projects/6STEP-P-NUCLEO-IHM03_SensorlessVoltageMode/MCSDK_v6.2.0-Full/MotorControl/MCSDK/MCLib/Any/Src/pwm_common_sixstep.c:78:13:PWMC_SetADCTriggerChannel	0	static
C:/Users/tedro/.st_workbench/projects/6STEP-P-NUCLEO-IHM03_SensorlessVoltageMode/MCSDK_v6.2.0-Full/MotorControl/MCSDK/MCLib/Any/Src/pwm_common_sixstep.c:92:13:PWMC_TurnOnLowSides	0	static
C:/Users/tedro/.st_workbench/projects/6STEP-P-NUCLEO-IHM03_SensorlessVoltageMode/MCSDK_v6.2.0-Full/MotorControl/MCSDK/MCLib/Any/Src/pwm_common_sixstep.c:107:13:PWMC_GetTurnOnLowSidesAction	0	static
C:/Users/tedro/.st_workbench/projects/6STEP-P-NUCLEO-IHM03_SensorlessVoltageMode/MCSDK_v6.2.0-Full/MotorControl/MCSDK/MCLib/Any/Src/pwm_common_sixstep.c:118:6:PWMC_SetAlignFlag	0	static
C:/Users/tedro/.st_workbench/projects/6STEP-P-NUCLEO-IHM03_SensorlessVoltageMode/MCSDK_v6.2.0-Full/MotorControl/MCSDK/MCLib/Any/Src/pwm_common_sixstep.c:130:13:PWMC_RegisterSwitchOffPwmCallBack	0	static
C:/Users/tedro/.st_workbench/projects/6STEP-P-NUCLEO-IHM03_SensorlessVoltageMode/MCSDK_v6.2.0-Full/MotorControl/MCSDK/MCLib/Any/Src/pwm_common_sixstep.c:143:13:PWMC_RegisterSwitchonPwmCallBack	0	static
C:/Users/tedro/.st_workbench/projects/6STEP-P-NUCLEO-IHM03_SensorlessVoltageMode/MCSDK_v6.2.0-Full/MotorControl/MCSDK/MCLib/Any/Src/pwm_common_sixstep.c:155:13:PWMC_RegisterTurnOnLowSidesCallBack	0	static
C:/Users/tedro/.st_workbench/projects/6STEP-P-NUCLEO-IHM03_SensorlessVoltageMode/MCSDK_v6.2.0-Full/MotorControl/MCSDK/MCLib/Any/Src/pwm_common_sixstep.c:167:13:PWMC_RegisterIsOverCurrentOccurredCallBack	0	static
C:/Users/tedro/.st_workbench/projects/6STEP-P-NUCLEO-IHM03_SensorlessVoltageMode/MCSDK_v6.2.0-Full/MotorControl/MCSDK/MCLib/Any/Src/pwm_common_sixstep.c:179:6:PWMC_ForceFastDemagTime	0	static
C:/Users/tedro/.st_workbench/projects/6STEP-P-NUCLEO-IHM03_SensorlessVoltageMode/MCSDK_v6.2.0-Full/MotorControl/MCSDK/MCLib/Any/Src/pwm_common_sixstep.c:190:6:PWMC_SetFastDemagState	0	static
C:/Users/tedro/.st_workbench/projects/6STEP-P-NUCLEO-IHM03_SensorlessVoltageMode/MCSDK_v6.2.0-Full/MotorControl/MCSDK/MCLib/Any/Src/pwm_common_sixstep.c:208:6:PWMC_SetQuasiSynchState	0	static
C:/Users/tedro/.st_workbench/projects/6STEP-P-NUCLEO-IHM03_SensorlessVoltageMode/MCSDK_v6.2.0-Full/MotorControl/MCSDK/MCLib/Any/Src/pwm_common_sixstep.c:225:9:PWMC_GetFastDemagState	0	static
C:/Users/tedro/.st_workbench/projects/6STEP-P-NUCLEO-IHM03_SensorlessVoltageMode/MCSDK_v6.2.0-Full/MotorControl/MCSDK/MCLib/Any/Src/pwm_common_sixstep.c:235:9:PWMC_GetQuasiSynchState	0	static
C:/Users/tedro/.st_workbench/projects/6STEP-P-NUCLEO-IHM03_SensorlessVoltageMode/MCSDK_v6.2.0-Full/MotorControl/MCSDK/MCLib/Any/Src/pwm_common_sixstep.c:245:17:PWMC_ElAngleToStep	0	static
C:/Users/tedro/.st_workbench/projects/6STEP-P-NUCLEO-IHM03_SensorlessVoltageMode/MCSDK_v6.2.0-Full/MotorControl/MCSDK/MCLib/Any/Src/pwm_common_sixstep.c:265:17:PWMC_IsFaultOccurred	0	static
