C:/Users/tedro/.st_workbench/projects/6STEP-P-NUCLEO-IHM03_SensorlessVoltageMode/MCSDK_v6.2.0-Full/MotorControl/MCSDK/MCLib/Any/Src/revup_ctrl_sixstep.c:102:13:RUC_Init	0	static
C:/Users/tedro/.st_workbench/projects/6STEP-P-NUCLEO-IHM03_SensorlessVoltageMode/MCSDK_v6.2.0-Full/MotorControl/MCSDK/MCLib/Any/Src/revup_ctrl_sixstep.c:146:13:RUC_Clear	24	static
C:/Users/tedro/.st_workbench/projects/6STEP-P-NUCLEO-IHM03_SensorlessVoltageMode/MCSDK_v6.2.0-Full/MotorControl/MCSDK/MCLib/Any/Src/revup_ctrl_sixstep.c:198:13:RUC_UpdatePulse	8	static
C:/Users/tedro/.st_workbench/projects/6STEP-P-NUCLEO-IHM03_SensorlessVoltageMode/MCSDK_v6.2.0-Full/MotorControl/MCSDK/MCLib/Any/Src/revup_ctrl_sixstep.c:217:13:RUC_Exec	8	static
C:/Users/tedro/.st_workbench/projects/6STEP-P-NUCLEO-IHM03_SensorlessVoltageMode/MCSDK_v6.2.0-Full/MotorControl/MCSDK/MCLib/Any/Src/revup_ctrl_sixstep.c:275:9:RUC_IsAlignStageNow	0	static
C:/Users/tedro/.st_workbench/projects/6STEP-P-NUCLEO-IHM03_SensorlessVoltageMode/MCSDK_v6.2.0-Full/MotorControl/MCSDK/MCLib/Any/Src/revup_ctrl_sixstep.c:300:13:RUC_Completed	0	static
C:/Users/tedro/.st_workbench/projects/6STEP-P-NUCLEO-IHM03_SensorlessVoltageMode/MCSDK_v6.2.0-Full/MotorControl/MCSDK/MCLib/Any/Src/revup_ctrl_sixstep.c:322:13:RUC_Stop	16	static
C:/Users/tedro/.st_workbench/projects/6STEP-P-NUCLEO-IHM03_SensorlessVoltageMode/MCSDK_v6.2.0-Full/MotorControl/MCSDK/MCLib/Any/Src/revup_ctrl_sixstep.c:350:13:RUC_FirstAccelerationStageReached	0	static
C:/Users/tedro/.st_workbench/projects/6STEP-P-NUCLEO-IHM03_SensorlessVoltageMode/MCSDK_v6.2.0-Full/MotorControl/MCSDK/MCLib/Any/Src/revup_ctrl_sixstep.c:373:13:RUC_ObserverSpeedReached	8	static
C:/Users/tedro/.st_workbench/projects/6STEP-P-NUCLEO-IHM03_SensorlessVoltageMode/MCSDK_v6.2.0-Full/MotorControl/MCSDK/MCLib/Any/Src/revup_ctrl_sixstep.c:404:13:RUC_SetPhaseDurationms	0	static
C:/Users/tedro/.st_workbench/projects/6STEP-P-NUCLEO-IHM03_SensorlessVoltageMode/MCSDK_v6.2.0-Full/MotorControl/MCSDK/MCLib/Any/Src/revup_ctrl_sixstep.c:424:13:RUC_SetPhaseFinalMecSpeedUnit	0	static
C:/Users/tedro/.st_workbench/projects/6STEP-P-NUCLEO-IHM03_SensorlessVoltageMode/MCSDK_v6.2.0-Full/MotorControl/MCSDK/MCLib/Any/Src/revup_ctrl_sixstep.c:443:13:RUC_SetPhaseFinalPulse	0	static
C:/Users/tedro/.st_workbench/projects/6STEP-P-NUCLEO-IHM03_SensorlessVoltageMode/MCSDK_v6.2.0-Full/MotorControl/MCSDK/MCLib/Any/Src/revup_ctrl_sixstep.c:460:13:RUC_SetPhase	0	static
C:/Users/tedro/.st_workbench/projects/6STEP-P-NUCLEO-IHM03_SensorlessVoltageMode/MCSDK_v6.2.0-Full/MotorControl/MCSDK/MCLib/Any/Src/revup_ctrl_sixstep.c:484:17:RUC_GetPhaseDurationms	0	static
C:/Users/tedro/.st_workbench/projects/6STEP-P-NUCLEO-IHM03_SensorlessVoltageMode/MCSDK_v6.2.0-Full/MotorControl/MCSDK/MCLib/Any/Src/revup_ctrl_sixstep.c:496:16:RUC_GetPhaseFinalMecSpeedUnit	0	static
C:/Users/tedro/.st_workbench/projects/6STEP-P-NUCLEO-IHM03_SensorlessVoltageMode/MCSDK_v6.2.0-Full/MotorControl/MCSDK/MCLib/Any/Src/revup_ctrl_sixstep.c:508:16:RUC_GetPhaseFinalPulse	0	static
C:/Users/tedro/.st_workbench/projects/6STEP-P-NUCLEO-IHM03_SensorlessVoltageMode/MCSDK_v6.2.0-Full/MotorControl/MCSDK/MCLib/Any/Src/revup_ctrl_sixstep.c:518:16:RUC_GetNumberOfPhases	0	static
C:/Users/tedro/.st_workbench/projects/6STEP-P-NUCLEO-IHM03_SensorlessVoltageMode/MCSDK_v6.2.0-Full/MotorControl/MCSDK/MCLib/Any/Src/revup_ctrl_sixstep.c:528:13:RUC_GetPhase	4	static
C:/Users/tedro/.st_workbench/projects/6STEP-P-NUCLEO-IHM03_SensorlessVoltageMode/MCSDK_v6.2.0-Full/MotorControl/MCSDK/MCLib/Any/Src/revup_ctrl_sixstep.c:550:16:RUC_GetDirection	0	static
