C:/Users/tedro/.st_workbench/projects/6STEP-P-NUCLEO-IHM03_SensorlessVoltageMode/MCSDK_v6.2.0-Full/MotorControl/MCSDK/MCLib/Any/Src/speed_pos_fdbk.c:64:16:SPD_GetElAngle	0	static
C:/Users/tedro/.st_workbench/projects/6STEP-P-NUCLEO-IHM03_SensorlessVoltageMode/MCSDK_v6.2.0-Full/MotorControl/MCSDK/MCLib/Any/Src/speed_pos_fdbk.c:85:16:SPD_GetMecAngle	0	static
C:/Users/tedro/.st_workbench/projects/6STEP-P-NUCLEO-IHM03_SensorlessVoltageMode/MCSDK_v6.2.0-Full/MotorControl/MCSDK/MCLib/Any/Src/speed_pos_fdbk.c:99:16:SPD_GetAvrgMecSpeedUnit	0	static
C:/Users/tedro/.st_workbench/projects/6STEP-P-NUCLEO-IHM03_SensorlessVoltageMode/MCSDK_v6.2.0-Full/MotorControl/MCSDK/MCLib/Any/Src/speed_pos_fdbk.c:117:16:SPD_GetElSpeedDpp	0	static
C:/Users/tedro/.st_workbench/projects/6STEP-P-NUCLEO-IHM03_SensorlessVoltageMode/MCSDK_v6.2.0-Full/MotorControl/MCSDK/MCLib/Any/Src/speed_pos_fdbk.c:142:16:SPD_GetInstElSpeedDpp	0	static
C:/Users/tedro/.st_workbench/projects/6STEP-P-NUCLEO-IHM03_SensorlessVoltageMode/MCSDK_v6.2.0-Full/MotorControl/MCSDK/MCLib/Any/Src/speed_pos_fdbk.c:167:13:SPD_Check	0	static
C:/Users/tedro/.st_workbench/projects/6STEP-P-NUCLEO-IHM03_SensorlessVoltageMode/MCSDK_v6.2.0-Full/MotorControl/MCSDK/MCLib/Any/Src/speed_pos_fdbk.c:212:13:SPD_IsMecSpeedReliable	8	static
C:/Users/tedro/.st_workbench/projects/6STEP-P-NUCLEO-IHM03_SensorlessVoltageMode/MCSDK_v6.2.0-Full/MotorControl/MCSDK/MCLib/Any/Src/speed_pos_fdbk.c:331:16:SPD_GetS16Speed	0	static
C:/Users/tedro/.st_workbench/projects/6STEP-P-NUCLEO-IHM03_SensorlessVoltageMode/MCSDK_v6.2.0-Full/MotorControl/MCSDK/MCLib/Any/Src/speed_pos_fdbk.c:361:16:SPD_GetElToMecRatio	0	static
C:/Users/tedro/.st_workbench/projects/6STEP-P-NUCLEO-IHM03_SensorlessVoltageMode/MCSDK_v6.2.0-Full/MotorControl/MCSDK/MCLib/Any/Src/speed_pos_fdbk.c:379:13:SPD_SetElToMecRatio	0	static
