C:/Users/tedro/.st_workbench/projects/6STEP-P-NUCLEO-IHM03_SensorlessVoltageMode/MCSDK_v6.2.0-Full/MotorControl/MCSDK/MCLib/Any/Src/virtual_speed_sensor.c:68:13:VSS_Clear	0	static
C:/Users/tedro/.st_workbench/projects/6STEP-P-NUCLEO-IHM03_SensorlessVoltageMode/MCSDK_v6.2.0-Full/MotorControl/MCSDK/MCLib/Any/Src/virtual_speed_sensor.c:57:13:VSS_Init	8	static
C:/Users/tedro/.st_workbench/projects/6STEP-P-NUCLEO-IHM03_SensorlessVoltageMode/MCSDK_v6.2.0-Full/MotorControl/MCSDK/MCLib/Any/Src/virtual_speed_sensor.c:118:16:VSS_CalcElAngle	12	static
C:/Users/tedro/.st_workbench/projects/6STEP-P-NUCLEO-IHM03_SensorlessVoltageMode/MCSDK_v6.2.0-Full/MotorControl/MCSDK/MCLib/Any/Src/virtual_speed_sensor.c:216:13:VSS_CalcAvrgMecSpeedUnit	4	static
C:/Users/tedro/.st_workbench/projects/6STEP-P-NUCLEO-IHM03_SensorlessVoltageMode/MCSDK_v6.2.0-Full/MotorControl/MCSDK/MCLib/Any/Src/virtual_speed_sensor.c:282:13:VSS_SetMecAngle	0	static
C:/Users/tedro/.st_workbench/projects/6STEP-P-NUCLEO-IHM03_SensorlessVoltageMode/MCSDK_v6.2.0-Full/MotorControl/MCSDK/MCLib/Any/Src/virtual_speed_sensor.c:315:14:VSS_SetMecAcceleration	8	static
C:/Users/tedro/.st_workbench/projects/6STEP-P-NUCLEO-IHM03_SensorlessVoltageMode/MCSDK_v6.2.0-Full/MotorControl/MCSDK/MCLib/Any/Src/virtual_speed_sensor.c:393:13:VSS_RampCompleted	0	static
C:/Users/tedro/.st_workbench/projects/6STEP-P-NUCLEO-IHM03_SensorlessVoltageMode/MCSDK_v6.2.0-Full/MotorControl/MCSDK/MCLib/Any/Src/virtual_speed_sensor.c:427:17:VSS_GetLastRampFinalSpeed	0	static
C:/Users/tedro/.st_workbench/projects/6STEP-P-NUCLEO-IHM03_SensorlessVoltageMode/MCSDK_v6.2.0-Full/MotorControl/MCSDK/MCLib/Any/Src/virtual_speed_sensor.c:449:13:VSS_SetStartTransition	0	static
C:/Users/tedro/.st_workbench/projects/6STEP-P-NUCLEO-IHM03_SensorlessVoltageMode/MCSDK_v6.2.0-Full/MotorControl/MCSDK/MCLib/Any/Src/virtual_speed_sensor.c:495:13:VSS_IsTransitionOngoing	0	static
C:/Users/tedro/.st_workbench/projects/6STEP-P-NUCLEO-IHM03_SensorlessVoltageMode/MCSDK_v6.2.0-Full/MotorControl/MCSDK/MCLib/Any/Src/virtual_speed_sensor.c:550:13:VSS_TransitionEnded	0	static
C:/Users/tedro/.st_workbench/projects/6STEP-P-NUCLEO-IHM03_SensorlessVoltageMode/MCSDK_v6.2.0-Full/MotorControl/MCSDK/MCLib/Any/Src/virtual_speed_sensor.c:566:13:VSS_SetCopyObserver	0	static
C:/Users/tedro/.st_workbench/projects/6STEP-P-NUCLEO-IHM03_SensorlessVoltageMode/MCSDK_v6.2.0-Full/MotorControl/MCSDK/MCLib/Any/Src/virtual_speed_sensor.c:590:13:VSS_SetElAngle	0	static
