C:/Users/tedro/.st_workbench/projects/6STEP-P-NUCLEO-IHM03_SensorlessVoltageMode/Src/mc_interface.c:70:13:MCI_Init	0	static
C:/Users/tedro/.st_workbench/projects/6STEP-P-NUCLEO-IHM03_SensorlessVoltageMode/Src/mc_interface.c:119:13:MCI_ExecSpeedRamp	0	static
C:/Users/tedro/.st_workbench/projects/6STEP-P-NUCLEO-IHM03_SensorlessVoltageMode/Src/mc_interface.c:169:13:MCI_ExecSpeedRamp_F	8	static
C:/Users/tedro/.st_workbench/projects/6STEP-P-NUCLEO-IHM03_SensorlessVoltageMode/Src/mc_interface.c:362:13:MCI_FaultProcessing	0	static
C:/Users/tedro/.st_workbench/projects/6STEP-P-NUCLEO-IHM03_SensorlessVoltageMode/Src/mc_interface.c:387:13:MCI_ExecBufferedCommands	8	static
C:/Users/tedro/.st_workbench/projects/6STEP-P-NUCLEO-IHM03_SensorlessVoltageMode/Src/mc_interface.c:444:27:MCI_IsCommandAcknowledged	0	static
C:/Users/tedro/.st_workbench/projects/6STEP-P-NUCLEO-IHM03_SensorlessVoltageMode/Src/mc_interface.c:476:20:MCI_GetSTMState	0	static
C:/Users/tedro/.st_workbench/projects/6STEP-P-NUCLEO-IHM03_SensorlessVoltageMode/Src/mc_interface.c:497:17:MCI_GetOccurredFaults	0	static
C:/Users/tedro/.st_workbench/projects/6STEP-P-NUCLEO-IHM03_SensorlessVoltageMode/Src/mc_interface.c:517:17:MCI_GetCurrentFaults	0	static
C:/Users/tedro/.st_workbench/projects/6STEP-P-NUCLEO-IHM03_SensorlessVoltageMode/Src/mc_interface.c:227:13:MCI_StartMotor	8	static
C:/Users/tedro/.st_workbench/projects/6STEP-P-NUCLEO-IHM03_SensorlessVoltageMode/Src/mc_interface.c:272:13:MCI_StopMotor	16	static
C:/Users/tedro/.st_workbench/projects/6STEP-P-NUCLEO-IHM03_SensorlessVoltageMode/Src/mc_interface.c:327:13:MCI_FaultAcknowledged	8	static
C:/Users/tedro/.st_workbench/projects/6STEP-P-NUCLEO-IHM03_SensorlessVoltageMode/Src/mc_interface.c:541:17:MCI_GetFaultState	0	static
C:/Users/tedro/.st_workbench/projects/6STEP-P-NUCLEO-IHM03_SensorlessVoltageMode/Src/mc_interface.c:566:25:MCI_GetControlMode	0	static
C:/Users/tedro/.st_workbench/projects/6STEP-P-NUCLEO-IHM03_SensorlessVoltageMode/Src/mc_interface.c:582:16:MCI_GetImposedMotorDirection	0	static
C:/Users/tedro/.st_workbench/projects/6STEP-P-NUCLEO-IHM03_SensorlessVoltageMode/Src/mc_interface.c:625:16:MCI_GetLastRampFinalSpeed	0	static
C:/Users/tedro/.st_workbench/projects/6STEP-P-NUCLEO-IHM03_SensorlessVoltageMode/Src/mc_interface.c:650:17:MCI_GetLastRampFinalDuration	0	static
C:/Users/tedro/.st_workbench/projects/6STEP-P-NUCLEO-IHM03_SensorlessVoltageMode/Src/mc_interface.c:674:16:MCI_GetLastRampFinalSpeed_F	0	static
C:/Users/tedro/.st_workbench/projects/6STEP-P-NUCLEO-IHM03_SensorlessVoltageMode/Src/mc_interface.c:694:13:MCI_RampCompleted	8	static
C:/Users/tedro/.st_workbench/projects/6STEP-P-NUCLEO-IHM03_SensorlessVoltageMode/Src/mc_interface.c:727:13:MCI_StopSpeedRamp	0	static
C:/Users/tedro/.st_workbench/projects/6STEP-P-NUCLEO-IHM03_SensorlessVoltageMode/Src/mc_interface.c:740:13:MCI_StopRamp	0	static
C:/Users/tedro/.st_workbench/projects/6STEP-P-NUCLEO-IHM03_SensorlessVoltageMode/Src/mc_interface.c:764:13:MCI_GetSpdSensorReliability	8	static
C:/Users/tedro/.st_workbench/projects/6STEP-P-NUCLEO-IHM03_SensorlessVoltageMode/Src/mc_interface.c:790:16:MCI_GetAvrgMecSpeedUnit	8	static
C:/Users/tedro/.st_workbench/projects/6STEP-P-NUCLEO-IHM03_SensorlessVoltageMode/Src/mc_interface.c:814:16:MCI_GetAvrgMecSpeed_F	8	static
C:/Users/tedro/.st_workbench/projects/6STEP-P-NUCLEO-IHM03_SensorlessVoltageMode/Src/mc_interface.c:839:16:MCI_GetMecSpeedRefUnit	0	static
C:/Users/tedro/.st_workbench/projects/6STEP-P-NUCLEO-IHM03_SensorlessVoltageMode/Src/mc_interface.c:854:16:MCI_GetMecSpeedRef_F	8	static
C:/Users/tedro/.st_workbench/projects/6STEP-P-NUCLEO-IHM03_SensorlessVoltageMode/Src/mc_interface.c:870:17:MCI_GetDutyCycleRef	0	static
