C:/Users/tedro/.st_workbench/projects/6STEP-P-NUCLEO-IHM03_SensorlessVoltageMode/Src/mc_tasks.c:569:13:SixStep_Clear	16	static
C:/Users/tedro/.st_workbench/projects/6STEP-P-NUCLEO-IHM03_SensorlessVoltageMode/Src/mc_tasks.c:103:13:MCboot	32	static
C:/Users/tedro/.st_workbench/projects/6STEP-P-NUCLEO-IHM03_SensorlessVoltageMode/Src/mc_tasks.c:592:13:SixStep_InitAdditionalMethods	0	static
C:/Users/tedro/.st_workbench/projects/6STEP-P-NUCLEO-IHM03_SensorlessVoltageMode/Src/mc_tasks.c:608:13:SixStep_CalcSpeedRef	16	static
C:/Users/tedro/.st_workbench/projects/6STEP-P-NUCLEO-IHM03_SensorlessVoltageMode/Src/mc_tasks.c:633:13:TSK_SetChargeBootCapDelayM1	0	static
C:/Users/tedro/.st_workbench/projects/6STEP-P-NUCLEO-IHM03_SensorlessVoltageMode/Src/mc_tasks.c:644:13:TSK_ChargeBootCapDelayHasElapsedM1	0	static
C:/Users/tedro/.st_workbench/projects/6STEP-P-NUCLEO-IHM03_SensorlessVoltageMode/Src/mc_tasks.c:660:13:TSK_SetStopPermanencyTimeM1	0	static
C:/Users/tedro/.st_workbench/projects/6STEP-P-NUCLEO-IHM03_SensorlessVoltageMode/Src/mc_tasks.c:220:6:TSK_MF_StopProcessing	8	static
C:/Users/tedro/.st_workbench/projects/6STEP-P-NUCLEO-IHM03_SensorlessVoltageMode/Src/mc_tasks.c:671:13:TSK_StopPermanencyTimeHasElapsedM1	0	static
C:/Users/tedro/.st_workbench/projects/6STEP-P-NUCLEO-IHM03_SensorlessVoltageMode/Src/mc_tasks.c:316:13:TSK_MediumFrequencyTaskM1	24	static
C:/Users/tedro/.st_workbench/projects/6STEP-P-NUCLEO-IHM03_SensorlessVoltageMode/Src/mc_tasks.c:234:13:MC_Scheduler	16	static
C:/Users/tedro/.st_workbench/projects/6STEP-P-NUCLEO-IHM03_SensorlessVoltageMode/Src/mc_tasks.c:697:16:TSK_HighFrequencyTask	40	static
C:/Users/tedro/.st_workbench/projects/6STEP-P-NUCLEO-IHM03_SensorlessVoltageMode/Src/mc_tasks.c:845:13:TSK_SafetyTask_PWMOFF	24	static
C:/Users/tedro/.st_workbench/projects/6STEP-P-NUCLEO-IHM03_SensorlessVoltageMode/Src/mc_tasks.c:820:13:TSK_SafetyTask	8	static
C:/Users/tedro/.st_workbench/projects/6STEP-P-NUCLEO-IHM03_SensorlessVoltageMode/Src/mc_tasks.c:198:13:MC_RunMotorControlTasks	8	static
C:/Users/tedro/.st_workbench/projects/6STEP-P-NUCLEO-IHM03_SensorlessVoltageMode/Src/mc_tasks.c:906:13:TSK_HardwareFaultTask	8	static
C:/Users/tedro/.st_workbench/projects/6STEP-P-NUCLEO-IHM03_SensorlessVoltageMode/Src/mc_tasks.c:919:13:UI_HandleStartStopButton_cb	8	static
C:/Users/tedro/.st_workbench/projects/6STEP-P-NUCLEO-IHM03_SensorlessVoltageMode/Src/mc_tasks.c:937:13:mc_lock_pins	72	static
