C:/Users/tedro/.st_workbench/projects/6STEP-P-NUCLEO-IHM03_SensorlessVoltageMode/Src/usart_aspep_driver.c:43:6:UASPEP_INIT	12	static,ignoring_inline_asm
C:/Users/tedro/.st_workbench/projects/6STEP-P-NUCLEO-IHM03_SensorlessVoltageMode/Src/usart_aspep_driver.c:55:6:UASPEP_DAMCONFIG_TX	4	static,ignoring_inline_asm
C:/Users/tedro/.st_workbench/projects/6STEP-P-NUCLEO-IHM03_SensorlessVoltageMode/Src/usart_aspep_driver.c:91:6:UASPEP_DAMCONFIG_RX	12	static,ignoring_inline_asm
C:/Users/tedro/.st_workbench/projects/6STEP-P-NUCLEO-IHM03_SensorlessVoltageMode/Src/usart_aspep_driver.c:127:6:UASPEP_SEND_PACKET	8	static
C:/Users/tedro/.st_workbench/projects/6STEP-P-NUCLEO-IHM03_SensorlessVoltageMode/Src/usart_aspep_driver.c:153:6:UASPEP_RECEIVE_BUFFER	8	static
C:/Users/tedro/.st_workbench/projects/6STEP-P-NUCLEO-IHM03_SensorlessVoltageMode/Src/usart_aspep_driver.c:169:6:UASPEP_IDLE_ENABLE	0	static,ignoring_inline_asm
